
2195802465,JOHN,HOANG,SUNG,,19681014,2558 WELL SPRINGS DR ,BUFORD,,GA,30519,6786531444,JOHN M HOANG,  ,  ,201406,,,,505045962